../Core/Src/main.c:79:1:__io_putchar	16	static
../Core/Src/main.c:104:6:microDelay	16	static
../Core/Src/main.c:109:9:DHT11_Start	32	static
../Core/Src/main.c:140:9:DHT11_Read	16	static
../Core/Src/main.c:208:5:main	128	static
../Core/Src/main.c:299:6:SystemClock_Config	88	static
../Core/Src/main.c:346:13:MX_I2C1_Init	8	static
../Core/Src/main.c:380:13:MX_TIM1_Init	48	static
../Core/Src/main.c:439:13:MX_USART2_UART_Init	8	static
../Core/Src/main.c:472:13:MX_GPIO_Init	40	static
../Core/Src/main.c:508:6:dht11Task	24	static
../Core/Src/main.c:535:6:oledTask	16	static
../Core/Src/main.c:556:6:transmitTask	16	static
../Core/Src/main.c:582:6:StartDefaultTask	16	static
../Core/Src/main.c:602:6:HAL_TIM_PeriodElapsedCallback	16	static
../Core/Src/main.c:619:6:Error_Handler	4	static,ignoring_inline_asm
